exports[`Button component renders hyperlink variant 1`] = `"<a href=\"/\" class=\"button\"><span class=\"button__label\">Hyperlink</span></a>"`;

exports[`Button component renders submit variant 1`] = `"<button type=\"submit\" class=\"button\"><span class=\"button__label\">Submit</span></button>"`;
